C:/nxp/projects/ecp_authen_bm/source/taskmanager/taskmanager.c:18:6:TASK_MANAGER_init	8	static
C:/nxp/projects/ecp_authen_bm/source/taskmanager/taskmanager.c:32:6:TASK_MANAGER_deinit	8	static
C:/nxp/projects/ecp_authen_bm/source/taskmanager/taskmanager.c:46:6:TASK_TABLE_init	16	static
C:/nxp/projects/ecp_authen_bm/source/taskmanager/taskmanager.c:56:6:TASK_MANAGER_run	16	static
C:/nxp/projects/ecp_authen_bm/source/taskmanager/taskmanager.c:78:6:TIME_TASK_create	24	static
C:/nxp/projects/ecp_authen_bm/source/taskmanager/taskmanager.c:108:6:TIME_TASK_delete	24	static
C:/nxp/projects/ecp_authen_bm/source/taskmanager/taskmanager.c:128:9:TIME_TASK_check	24	static
C:/nxp/projects/ecp_authen_bm/source/taskmanager/taskmanager.c:143:6:TASK_MANAGER_TIM_IRQ_handle	4	static
C:/nxp/projects/ecp_authen_bm/source/taskmanager/taskmanager.c:149:6:TASK_MANAGER_handle	16	static
