C:/nxp/projects/ecp_authen_bm/rtt/RTT/SEGGER_RTT.c:318:13:_DoInit	16	static
C:/nxp/projects/ecp_authen_bm/rtt/RTT/SEGGER_RTT.c:381:17:_WriteBlocking	48	static
C:/nxp/projects/ecp_authen_bm/rtt/RTT/SEGGER_RTT.c:452:13:_WriteNoCheck	40	static
C:/nxp/projects/ecp_authen_bm/rtt/RTT/SEGGER_RTT.c:531:13:_PostTerminalSwitch	24	static
C:/nxp/projects/ecp_authen_bm/rtt/RTT/SEGGER_RTT.c:554:17:_GetAvailWriteSpace	32	static
C:/nxp/projects/ecp_authen_bm/rtt/RTT/SEGGER_RTT.c:605:10:SEGGER_RTT_ReadUpBufferNoLock	56	static
C:/nxp/projects/ecp_authen_bm/rtt/RTT/SEGGER_RTT.c:707:10:SEGGER_RTT_ReadNoLock	56	static
C:/nxp/projects/ecp_authen_bm/rtt/RTT/SEGGER_RTT.c:814:10:SEGGER_RTT_ReadUpBuffer	32	static
C:/nxp/projects/ecp_authen_bm/rtt/RTT/SEGGER_RTT.c:847:10:SEGGER_RTT_Read	32	static
C:/nxp/projects/ecp_authen_bm/rtt/RTT/SEGGER_RTT.c:887:6:SEGGER_RTT_WriteWithOverwriteNoLock	40	static
C:/nxp/projects/ecp_authen_bm/rtt/RTT/SEGGER_RTT.c:1113:10:SEGGER_RTT_WriteDownBufferNoLock	40	static
C:/nxp/projects/ecp_authen_bm/rtt/RTT/SEGGER_RTT.c:1197:10:SEGGER_RTT_WriteNoLock	40	static
C:/nxp/projects/ecp_authen_bm/rtt/RTT/SEGGER_RTT.c:1281:10:SEGGER_RTT_WriteDownBuffer	40	static
C:/nxp/projects/ecp_authen_bm/rtt/RTT/SEGGER_RTT.c:1311:10:SEGGER_RTT_Write	40	static
C:/nxp/projects/ecp_authen_bm/rtt/RTT/SEGGER_RTT.c:1342:10:SEGGER_RTT_WriteString	24	static
C:/nxp/projects/ecp_authen_bm/rtt/RTT/SEGGER_RTT.c:1373:10:SEGGER_RTT_PutCharSkipNoLock	32	static
C:/nxp/projects/ecp_authen_bm/rtt/RTT/SEGGER_RTT.c:1432:10:SEGGER_RTT_PutCharSkip	40	static
C:/nxp/projects/ecp_authen_bm/rtt/RTT/SEGGER_RTT.c:1500:10:SEGGER_RTT_PutChar	40	static
C:/nxp/projects/ecp_authen_bm/rtt/RTT/SEGGER_RTT.c:1574:5:SEGGER_RTT_GetKey	16	static
C:/nxp/projects/ecp_authen_bm/rtt/RTT/SEGGER_RTT.c:1606:5:SEGGER_RTT_WaitKey	16	static
C:/nxp/projects/ecp_authen_bm/rtt/RTT/SEGGER_RTT.c:1631:5:SEGGER_RTT_HasKey	24	static
C:/nxp/projects/ecp_authen_bm/rtt/RTT/SEGGER_RTT.c:1666:10:SEGGER_RTT_HasData	24	static
C:/nxp/projects/ecp_authen_bm/rtt/RTT/SEGGER_RTT.c:1691:10:SEGGER_RTT_HasDataUp	24	static
C:/nxp/projects/ecp_authen_bm/rtt/RTT/SEGGER_RTT.c:1723:5:SEGGER_RTT_AllocDownBuffer	40	static
C:/nxp/projects/ecp_authen_bm/rtt/RTT/SEGGER_RTT.c:1781:5:SEGGER_RTT_AllocUpBuffer	40	static
C:/nxp/projects/ecp_authen_bm/rtt/RTT/SEGGER_RTT.c:1845:5:SEGGER_RTT_ConfigUpBuffer	48	static
C:/nxp/projects/ecp_authen_bm/rtt/RTT/SEGGER_RTT.c:1905:5:SEGGER_RTT_ConfigDownBuffer	48	static
C:/nxp/projects/ecp_authen_bm/rtt/RTT/SEGGER_RTT.c:1958:5:SEGGER_RTT_SetNameUpBuffer	40	static
C:/nxp/projects/ecp_authen_bm/rtt/RTT/SEGGER_RTT.c:2000:5:SEGGER_RTT_SetNameDownBuffer	40	static
C:/nxp/projects/ecp_authen_bm/rtt/RTT/SEGGER_RTT.c:2042:5:SEGGER_RTT_SetFlagsUpBuffer	40	static
C:/nxp/projects/ecp_authen_bm/rtt/RTT/SEGGER_RTT.c:2084:5:SEGGER_RTT_SetFlagsDownBuffer	40	static
C:/nxp/projects/ecp_authen_bm/rtt/RTT/SEGGER_RTT.c:2119:6:SEGGER_RTT_Init	8	static
C:/nxp/projects/ecp_authen_bm/rtt/RTT/SEGGER_RTT.c:2142:5:SEGGER_RTT_SetTerminal	40	static
C:/nxp/projects/ecp_authen_bm/rtt/RTT/SEGGER_RTT.c:2205:5:SEGGER_RTT_TerminalOut	40	static
C:/nxp/projects/ecp_authen_bm/rtt/RTT/SEGGER_RTT.c:2307:10:SEGGER_RTT_GetAvailWriteSpace	24	static
C:/nxp/projects/ecp_authen_bm/rtt/RTT/SEGGER_RTT.c:2331:10:SEGGER_RTT_GetBytesInBuffer	32	static
