C:/nxp/projects/ecp_authen_bm/CMSIS/core_cm33.h:2390:22:__NVIC_EnableIRQ	16	static
C:/nxp/projects/ecp_authen_bm/CMSIS/core_cm33.h:2428:22:__NVIC_DisableIRQ	16	static
C:/nxp/projects/ecp_authen_bm/CMSIS/core_cm33.h:2481:22:__NVIC_ClearPendingIRQ	16	static
C:/nxp/projects/ecp_authen_bm/drivers/fsl_clock.h:246:20:CLOCK_EnableClock	16	static
C:/nxp/projects/ecp_authen_bm/drivers/fsl_clock.h:259:20:CLOCK_DisableClock	16	static
C:/nxp/projects/ecp_authen_bm/drivers/fsl_gpdma.h:195:20:GPDMA_DisableChannelInterrupts	16	static
C:/nxp/projects/ecp_authen_bm/drivers/fsl_gpdma.c:69:17:GPDMA_GetInstance	24	static
C:/nxp/projects/ecp_authen_bm/drivers/fsl_gpdma.c:98:17:GPDMA_MakeCtrlWord	24	static
C:/nxp/projects/ecp_authen_bm/drivers/fsl_gpdma.c:153:10:GPDMA_Init	24	static
C:/nxp/projects/ecp_authen_bm/drivers/fsl_gpdma.c:203:6:GPDMA_Deinit	24	static
C:/nxp/projects/ecp_authen_bm/drivers/fsl_gpdma.c:229:6:GPDMA_EnableChannel	24	static
C:/nxp/projects/ecp_authen_bm/drivers/fsl_gpdma.c:265:6:GPDMA_StopChannel	16	static
C:/nxp/projects/ecp_authen_bm/drivers/fsl_gpdma.c:287:10:GPDMA_CheckChannelInterrupts	16	static
C:/nxp/projects/ecp_authen_bm/drivers/fsl_gpdma.c:322:6:GPDMA_GetChannelStatus	24	static
C:/nxp/projects/ecp_authen_bm/drivers/fsl_gpdma.c:371:6:GPDMA_ClearChannelStatus	16	static
C:/nxp/projects/ecp_authen_bm/drivers/fsl_gpdma.c:401:10:GPDMA_PrepareDescriptor	56	static
C:/nxp/projects/ecp_authen_bm/drivers/fsl_gpdma.c:445:6:GPDMA_PrepareTransferConfig	24	static
C:/nxp/projects/ecp_authen_bm/drivers/fsl_gpdma.c:474:10:GPDMA_SetTransferConfig	64	static
C:/nxp/projects/ecp_authen_bm/drivers/fsl_gpdma.c:525:9:GPDMA_GetFreeChannel	24	static
C:/nxp/projects/ecp_authen_bm/drivers/fsl_gpdma.c:548:6:GPDMA_CreateHandle	24	static
C:/nxp/projects/ecp_authen_bm/drivers/fsl_gpdma.c:569:6:GPDMA_SetCallback	24	static
C:/nxp/projects/ecp_authen_bm/drivers/fsl_gpdma.c:583:10:GPDMA_SubmitTransfer	16	static
C:/nxp/projects/ecp_authen_bm/drivers/fsl_gpdma.c:598:6:GPDMA_AbortTransfer	16	static
C:/nxp/projects/ecp_authen_bm/drivers/fsl_gpdma.c:612:6:GPDMA_StartTransfer	16	static
C:/nxp/projects/ecp_authen_bm/drivers/fsl_gpdma.c:619:6:GPDMA_HandleIRQ	24	static
C:/nxp/projects/ecp_authen_bm/drivers/fsl_gpdma.c:666:6:GPDMA_DriverIRQHandler	8	static
