C:/nxp/projects/ecp_authen_bm/CMSIS/core_cm33.h:2390:22:__NVIC_EnableIRQ	16	static
C:/nxp/projects/ecp_authen_bm/CMSIS/core_cm33.h:2428:22:__NVIC_DisableIRQ	16	static
C:/nxp/projects/ecp_authen_bm/CMSIS/core_cm33.h:2481:22:__NVIC_ClearPendingIRQ	16	static
C:/nxp/projects/ecp_authen_bm/drivers/fsl_clock.h:246:20:CLOCK_EnableClock	16	static
C:/nxp/projects/ecp_authen_bm/drivers/fsl_clock.h:259:20:CLOCK_DisableClock	16	static
C:/nxp/projects/ecp_authen_bm/drivers/fsl_common_arm.h:570:24:EnableIRQ	24	static
C:/nxp/projects/ecp_authen_bm/drivers/fsl_common_arm.h:614:24:DisableIRQ	24	static
C:/nxp/projects/ecp_authen_bm/drivers/fsl_spi.h:323:20:SPI_Enable	16	static
C:/nxp/projects/ecp_authen_bm/drivers/fsl_spi.h:477:20:SPI_SetTransferDelay	16	static
C:/nxp/projects/ecp_authen_bm/drivers/fsl_spi.c:60:25:SPI_GetInstance	24	static
C:/nxp/projects/ecp_authen_bm/drivers/fsl_spi.c:82:6:SPI_SetDummyData	24	static
C:/nxp/projects/ecp_authen_bm/drivers/fsl_spi.c:95:7:SPI_GetConfig	24	static
C:/nxp/projects/ecp_authen_bm/drivers/fsl_spi.c:117:6:SPI_MasterGetDefaultConfig	16	static
C:/nxp/projects/ecp_authen_bm/drivers/fsl_spi.c:159:10:SPI_MasterInit	40	static
C:/nxp/projects/ecp_authen_bm/drivers/fsl_spi.c:238:6:SPI_Deinit	24	static
C:/nxp/projects/ecp_authen_bm/drivers/fsl_spi.c:269:6:SPI_EnableTxDMA	16	static
C:/nxp/projects/ecp_authen_bm/drivers/fsl_spi.c:287:6:SPI_EnableRxDMA	16	static
C:/nxp/projects/ecp_authen_bm/drivers/fsl_spi.c:306:10:SPI_MasterSetBaud	32	static
C:/nxp/projects/ecp_authen_bm/drivers/fsl_spi.c:335:6:SPI_WriteData	32	static
C:/nxp/projects/ecp_authen_bm/drivers/fsl_spi.c:367:10:SPI_MasterTransferCreateHandle	32	static
C:/nxp/projects/ecp_authen_bm/drivers/fsl_spi.c:412:25:SPI_MasterTransferBlocking	64	static
C:/nxp/projects/ecp_authen_bm/drivers/fsl_spi.c:549:10:SPI_MasterTransferNonBlocking	24	static
C:/nxp/projects/ecp_authen_bm/drivers/fsl_spi.c:602:10:SPI_MasterTransferGetCount	24	static
C:/nxp/projects/ecp_authen_bm/drivers/fsl_spi.c:630:6:SPI_MasterTransferAbort	16	static
C:/nxp/projects/ecp_authen_bm/drivers/fsl_spi.c:644:13:SPI_TransferHandleIRQInternal	56	static
C:/nxp/projects/ecp_authen_bm/drivers/fsl_spi.c:752:6:SPI_MasterTransferHandleIRQ	40	static
C:/nxp/projects/ecp_authen_bm/drivers/fsl_spi.c:831:13:SPI_TransferCommonIRQHandler	16	static
C:/nxp/projects/ecp_authen_bm/drivers/fsl_spi.c:839:6:SPI_DriverIRQHandler	8	static
