C:/nxp/projects/ecp_authen_bm/source/google_pass_manager/NdefEx.c:5:15:APP_InitMbedCrypto	16	static
C:/nxp/projects/ecp_authen_bm/source/google_pass_manager/NdefEx.c:32:15:APP_DeInitMbedCrypto	8	static
C:/nxp/projects/ecp_authen_bm/source/google_pass_manager/NdefEx.c:41:6:InitSmartTapSession	24	static
C:/nxp/projects/ecp_authen_bm/source/google_pass_manager/NdefEx.c:57:5:ECP_Compress	24	static
C:/nxp/projects/ecp_authen_bm/source/google_pass_manager/NdefEx.c:64:5:GenerateEphemeralTerminalKey	160	static
C:/nxp/projects/ecp_authen_bm/source/google_pass_manager/NdefEx.c:95:5:ECC_SignData	256	static
C:/nxp/projects/ecp_authen_bm/source/google_pass_manager/NdefEx.c:143:5:DER_EncodeSignature	40	static
C:/nxp/projects/ecp_authen_bm/source/google_pass_manager/NdefEx.c:169:5:SignSessionData	88	static
C:/nxp/projects/ecp_authen_bm/source/google_pass_manager/NdefEx.c:225:6:ConstructNegotiateNDEF	72	static
C:/nxp/projects/ecp_authen_bm/source/google_pass_manager/NdefEx.c:290:6:ConstructGetDataNDEF	120	static
