C:/nxp/projects/ecp_authen_bm/source/nrf_comm/nrf_comm_protocol.c:56:6:NRF_COMM_PROTOCOL_init	8	static
C:/nxp/projects/ecp_authen_bm/source/nrf_comm/nrf_comm_protocol.c:70:6:nrfCommHeartbeatTask	4	static
C:/nxp/projects/ecp_authen_bm/source/nrf_comm/nrf_comm_protocol.c:81:6:NRF_COMM_PROTOCOL_WaitForBusFree	16	static
C:/nxp/projects/ecp_authen_bm/source/nrf_comm/nrf_comm_protocol.c:92:6:NRF_COMM_PROTOCOL_DATA_send	32	static
C:/nxp/projects/ecp_authen_bm/source/nrf_comm/nrf_comm_protocol.c:155:6:nrfCommDataExchangeTask	16	static
C:/nxp/projects/ecp_authen_bm/source/nrf_comm/nrf_comm_protocol.c:268:20:NRF_COMM_PROTOCOL_IN_DATA_process	16	static
C:/nxp/projects/ecp_authen_bm/source/nrf_comm/nrf_comm_protocol.c:359:25:NRF_COMM_PROTOCOL_CRC16_calculate	24	static
C:/nxp/projects/ecp_authen_bm/source/nrf_comm/nrf_comm_protocol.c:376:6:NRF_COMM_ERROR_handle	4	static
C:/nxp/projects/ecp_authen_bm/source/nrf_comm/nrf_comm_protocol.c:382:6:NRF_COMM_RX_CMPLT_handle	4	static
C:/nxp/projects/ecp_authen_bm/source/nrf_comm/nrf_comm_protocol.c:388:6:NRF_COMM_TX_CMPLT_handle	4	static
