C:/nxp/projects/ecp_authen_bm/source/nrf_comm/spi_comm.h:15:20:SpiHwAbort	4	static
C:/nxp/projects/ecp_authen_bm/source/nrf_comm/spi_protocol.c:33:5:SpiIsBusFree	4	static
C:/nxp/projects/ecp_authen_bm/source/nrf_comm/spi_protocol.c:35:5:SpiStageIsRx	4	static
C:/nxp/projects/ecp_authen_bm/source/nrf_comm/spi_protocol.c:37:6:SpiInit	8	static
C:/nxp/projects/ecp_authen_bm/source/nrf_comm/spi_protocol.c:41:6:SpiWaitBusFree	4	static
C:/nxp/projects/ecp_authen_bm/source/nrf_comm/spi_protocol.c:45:6:SpiSend	24	static
C:/nxp/projects/ecp_authen_bm/source/nrf_comm/spi_protocol.c:80:6:SpiError	4	static
C:/nxp/projects/ecp_authen_bm/source/nrf_comm/spi_protocol.c:86:6:SpiTxComplete	16	static
C:/nxp/projects/ecp_authen_bm/source/nrf_comm/spi_protocol.c:97:6:SpiRxComplete	8	static
C:/nxp/projects/ecp_authen_bm/source/nrf_comm/spi_protocol.c:104:17:SpiExpectedRxLen	16	static
C:/nxp/projects/ecp_authen_bm/source/nrf_comm/spi_protocol.c:119:13:SpiStartRx	16	static
C:/nxp/projects/ecp_authen_bm/source/nrf_comm/spi_protocol.c:127:13:SpiProcessRxFrame	32	static
C:/nxp/projects/ecp_authen_bm/source/nrf_comm/spi_protocol.c:153:13:SpiHandleResponse	24	static
C:/nxp/projects/ecp_authen_bm/source/nrf_comm/spi_protocol.c:200:6:SpiTimeout	8	static
C:/nxp/projects/ecp_authen_bm/source/nrf_comm/spi_protocol.c:208:17:Crc16Modbus	24	static
